// Jest Snapshot v1, https://goo.gl/fbAQLP

exports[`Meta renders correctly 1`] = `
<div
  className="meta"
>
  <p
    className="meta__date"
  >
    Published 
    1 Sep 2016
  </p>
  <p
    className="meta__date"
  >
    Find a typo? 
    <a
      href="https://github.com/sbatson5/imposter-syndrome-blog/edit/master/content/posts/2016-09-01---undefined"
      target="_blank"
    >
      Edit the file here!
    </a>
  </p>
</div>
`;
